C51 COMPILER V9.54   MATRIXLED                                                             11/15/2021 11:27:30 PAGE 1   


C51 COMPILER V9.54, COMPILATION OF MODULE MATRIXLED
OBJECT MODULE PLACED IN .\Objects\MatrixLED.obj
COMPILER INVOKED BY: D:\Keil_v5_2\C51\BIN\C51.EXE MatrixLED.c OPTIMIZE(8,SPEED) BROWSE DEBUG OBJECTEXTEND PRINT(.\Listin
                    -gs\MatrixLED.lst) TABS(2) OBJECT(.\Objects\MatrixLED.obj)

line level    source

   1          #include <REGX52.H>
   2          #include "Delay.h"
   3          
   4          sbit RCK = P3^5;
   5          sbit SCK = P3^6;
   6          sbit SER = P3^4;
   7          
   8          #define MATRIX_LED_PORT   P0
   9          
  10          void MatrixLED_Init()
  11          {
  12   1          SCK = 0;
  13   1          RCK = 0;
  14   1      }
  15          
  16          void _74HC595_WriteByte(unsigned char Byte)
  17          {
  18   1        unsigned char i;
  19   1        for(i = 0; i < 8; i++)
  20   1        {
  21   2          SER = Byte&(0x80 >> i);
  22   2          SCK = 1;
  23   2          SCK = 0;
  24   2        }
  25   1        RCK = 1;
  26   1        RCK = 0;
  27   1          
  28   1      }
  29          
  30          void MatrixLED_ShowColumn(unsigned char column, Data)
  31          {
  32   1          _74HC595_WriteByte(Data);
  33   1          MATRIX_LED_PORT = ~(0x80 >> column);
  34   1          Delay(1);
  35   1          MATRIX_LED_PORT = 0xFF;
  36   1      
  37   1      }


MODULE INFORMATION:   STATIC OVERLAYABLE
   CODE SIZE        =     84    ----
   CONSTANT SIZE    =   ----    ----
   XDATA SIZE       =   ----    ----
   PDATA SIZE       =   ----    ----
   DATA SIZE        =   ----    ----
   IDATA SIZE       =   ----    ----
   BIT SIZE         =   ----    ----
END OF MODULE INFORMATION.


C51 COMPILATION COMPLETE.  0 WARNING(S),  0 ERROR(S)
